2026-03-01 08:03:37,657 [ERROR] SCAH: Error al inicializar pool de conexiones: 'utf-8' codec can't decode byte 0xab in position 96: invalid start byte
Traceback (most recent call last):
  File "C:\Users\Usuario\OneDrive\Desktop\HOTELES\database\connection.py", line 27, in inicializar
    self._pool = psycopg2.pool.ThreadedConnectionPool(
                 ~~~~~~~~~~~~~~~~~~~~~~~~~~~~~~~~~~~~^
        minconn=1,
        ^^^^^^^^^^
    ...<5 lines>...
        password=DB_CONFIG["password"]
        ^^^^^^^^^^^^^^^^^^^^^^^^^^^^^^
    )
    ^
  File "C:\Users\Usuario\AppData\Local\Packages\PythonSoftwareFoundation.Python.3.13_qbz5n2kfra8p0\LocalCache\local-packages\Python313\site-packages\psycopg2\pool.py", line 161, in __init__
    AbstractConnectionPool.__init__(
    ~~~~~~~~~~~~~~~~~~~~~~~~~~~~~~~^
        self, minconn, maxconn, *args, **kwargs)
        ^^^^^^^^^^^^^^^^^^^^^^^^^^^^^^^^^^^^^^^^
  File "C:\Users\Usuario\AppData\Local\Packages\PythonSoftwareFoundation.Python.3.13_qbz5n2kfra8p0\LocalCache\local-packages\Python313\site-packages\psycopg2\pool.py", line 59, in __init__
    self._connect()
    ~~~~~~~~~~~~~^^
  File "C:\Users\Usuario\AppData\Local\Packages\PythonSoftwareFoundation.Python.3.13_qbz5n2kfra8p0\LocalCache\local-packages\Python313\site-packages\psycopg2\pool.py", line 63, in _connect
    conn = psycopg2.connect(*self._args, **self._kwargs)
  File "C:\Users\Usuario\AppData\Local\Packages\PythonSoftwareFoundation.Python.3.13_qbz5n2kfra8p0\LocalCache\local-packages\Python313\site-packages\psycopg2\__init__.py", line 135, in connect
    conn = _connect(dsn, connection_factory=connection_factory, **kwasync)
UnicodeDecodeError: 'utf-8' codec can't decode byte 0xab in position 96: invalid start byte
2026-03-01 08:03:37,682 [INFO] SCAH: Iniciando migraciones de base de datos...
2026-03-01 08:03:37,719 [ERROR] SCAH: Error al inicializar pool de conexiones: 'utf-8' codec can't decode byte 0xab in position 96: invalid start byte
Traceback (most recent call last):
  File "C:\Users\Usuario\OneDrive\Desktop\HOTELES\database\connection.py", line 27, in inicializar
    self._pool = psycopg2.pool.ThreadedConnectionPool(
                 ~~~~~~~~~~~~~~~~~~~~~~~~~~~~~~~~~~~~^
        minconn=1,
        ^^^^^^^^^^
    ...<5 lines>...
        password=DB_CONFIG["password"]
        ^^^^^^^^^^^^^^^^^^^^^^^^^^^^^^
    )
    ^
  File "C:\Users\Usuario\AppData\Local\Packages\PythonSoftwareFoundation.Python.3.13_qbz5n2kfra8p0\LocalCache\local-packages\Python313\site-packages\psycopg2\pool.py", line 161, in __init__
    AbstractConnectionPool.__init__(
    ~~~~~~~~~~~~~~~~~~~~~~~~~~~~~~~^
        self, minconn, maxconn, *args, **kwargs)
        ^^^^^^^^^^^^^^^^^^^^^^^^^^^^^^^^^^^^^^^^
  File "C:\Users\Usuario\AppData\Local\Packages\PythonSoftwareFoundation.Python.3.13_qbz5n2kfra8p0\LocalCache\local-packages\Python313\site-packages\psycopg2\pool.py", line 59, in __init__
    self._connect()
    ~~~~~~~~~~~~~^^
  File "C:\Users\Usuario\AppData\Local\Packages\PythonSoftwareFoundation.Python.3.13_qbz5n2kfra8p0\LocalCache\local-packages\Python313\site-packages\psycopg2\pool.py", line 63, in _connect
    conn = psycopg2.connect(*self._args, **self._kwargs)
  File "C:\Users\Usuario\AppData\Local\Packages\PythonSoftwareFoundation.Python.3.13_qbz5n2kfra8p0\LocalCache\local-packages\Python313\site-packages\psycopg2\__init__.py", line 135, in connect
    conn = _connect(dsn, connection_factory=connection_factory, **kwasync)
UnicodeDecodeError: 'utf-8' codec can't decode byte 0xab in position 96: invalid start byte
2026-03-01 08:03:37,720 [ERROR] SCAH: No se pudo obtener conexión para migraciones
2026-03-01 08:03:37,755 [ERROR] SCAH: Error al inicializar pool de conexiones: 'utf-8' codec can't decode byte 0xab in position 96: invalid start byte
Traceback (most recent call last):
  File "C:\Users\Usuario\OneDrive\Desktop\HOTELES\database\connection.py", line 27, in inicializar
    self._pool = psycopg2.pool.ThreadedConnectionPool(
                 ~~~~~~~~~~~~~~~~~~~~~~~~~~~~~~~~~~~~^
        minconn=1,
        ^^^^^^^^^^
    ...<5 lines>...
        password=DB_CONFIG["password"]
        ^^^^^^^^^^^^^^^^^^^^^^^^^^^^^^
    )
    ^
  File "C:\Users\Usuario\AppData\Local\Packages\PythonSoftwareFoundation.Python.3.13_qbz5n2kfra8p0\LocalCache\local-packages\Python313\site-packages\psycopg2\pool.py", line 161, in __init__
    AbstractConnectionPool.__init__(
    ~~~~~~~~~~~~~~~~~~~~~~~~~~~~~~~^
        self, minconn, maxconn, *args, **kwargs)
        ^^^^^^^^^^^^^^^^^^^^^^^^^^^^^^^^^^^^^^^^
  File "C:\Users\Usuario\AppData\Local\Packages\PythonSoftwareFoundation.Python.3.13_qbz5n2kfra8p0\LocalCache\local-packages\Python313\site-packages\psycopg2\pool.py", line 59, in __init__
    self._connect()
    ~~~~~~~~~~~~~^^
  File "C:\Users\Usuario\AppData\Local\Packages\PythonSoftwareFoundation.Python.3.13_qbz5n2kfra8p0\LocalCache\local-packages\Python313\site-packages\psycopg2\pool.py", line 63, in _connect
    conn = psycopg2.connect(*self._args, **self._kwargs)
  File "C:\Users\Usuario\AppData\Local\Packages\PythonSoftwareFoundation.Python.3.13_qbz5n2kfra8p0\LocalCache\local-packages\Python313\site-packages\psycopg2\__init__.py", line 135, in connect
    conn = _connect(dsn, connection_factory=connection_factory, **kwasync)
UnicodeDecodeError: 'utf-8' codec can't decode byte 0xab in position 96: invalid start byte
2026-03-01 08:03:37,757 [INFO] SCAH: Sistema inicializado correctamente
2026-03-01 08:04:51,064 [ERROR] SCAH: Error al inicializar pool de conexiones: 'utf-8' codec can't decode byte 0xab in position 96: invalid start byte
Traceback (most recent call last):
  File "C:\Users\Usuario\OneDrive\Desktop\HOTELES\database\connection.py", line 27, in inicializar
    self._pool = psycopg2.pool.ThreadedConnectionPool(
                 ~~~~~~~~~~~~~~~~~~~~~~~~~~~~~~~~~~~~^
        minconn=1,
        ^^^^^^^^^^
    ...<5 lines>...
        password=DB_CONFIG["password"]
        ^^^^^^^^^^^^^^^^^^^^^^^^^^^^^^
    )
    ^
  File "C:\Users\Usuario\AppData\Local\Packages\PythonSoftwareFoundation.Python.3.13_qbz5n2kfra8p0\LocalCache\local-packages\Python313\site-packages\psycopg2\pool.py", line 161, in __init__
    AbstractConnectionPool.__init__(
    ~~~~~~~~~~~~~~~~~~~~~~~~~~~~~~~^
        self, minconn, maxconn, *args, **kwargs)
        ^^^^^^^^^^^^^^^^^^^^^^^^^^^^^^^^^^^^^^^^
  File "C:\Users\Usuario\AppData\Local\Packages\PythonSoftwareFoundation.Python.3.13_qbz5n2kfra8p0\LocalCache\local-packages\Python313\site-packages\psycopg2\pool.py", line 59, in __init__
    self._connect()
    ~~~~~~~~~~~~~^^
  File "C:\Users\Usuario\AppData\Local\Packages\PythonSoftwareFoundation.Python.3.13_qbz5n2kfra8p0\LocalCache\local-packages\Python313\site-packages\psycopg2\pool.py", line 63, in _connect
    conn = psycopg2.connect(*self._args, **self._kwargs)
  File "C:\Users\Usuario\AppData\Local\Packages\PythonSoftwareFoundation.Python.3.13_qbz5n2kfra8p0\LocalCache\local-packages\Python313\site-packages\psycopg2\__init__.py", line 135, in connect
    conn = _connect(dsn, connection_factory=connection_factory, **kwasync)
UnicodeDecodeError: 'utf-8' codec can't decode byte 0xab in position 96: invalid start byte
2026-03-01 08:04:51,069 [INFO] SCAH: Iniciando migraciones de base de datos...
2026-03-01 08:04:51,097 [ERROR] SCAH: Error al inicializar pool de conexiones: 'utf-8' codec can't decode byte 0xab in position 96: invalid start byte
Traceback (most recent call last):
  File "C:\Users\Usuario\OneDrive\Desktop\HOTELES\database\connection.py", line 27, in inicializar
    self._pool = psycopg2.pool.ThreadedConnectionPool(
                 ~~~~~~~~~~~~~~~~~~~~~~~~~~~~~~~~~~~~^
        minconn=1,
        ^^^^^^^^^^
    ...<5 lines>...
        password=DB_CONFIG["password"]
        ^^^^^^^^^^^^^^^^^^^^^^^^^^^^^^
    )
    ^
  File "C:\Users\Usuario\AppData\Local\Packages\PythonSoftwareFoundation.Python.3.13_qbz5n2kfra8p0\LocalCache\local-packages\Python313\site-packages\psycopg2\pool.py", line 161, in __init__
    AbstractConnectionPool.__init__(
    ~~~~~~~~~~~~~~~~~~~~~~~~~~~~~~~^
        self, minconn, maxconn, *args, **kwargs)
        ^^^^^^^^^^^^^^^^^^^^^^^^^^^^^^^^^^^^^^^^
  File "C:\Users\Usuario\AppData\Local\Packages\PythonSoftwareFoundation.Python.3.13_qbz5n2kfra8p0\LocalCache\local-packages\Python313\site-packages\psycopg2\pool.py", line 59, in __init__
    self._connect()
    ~~~~~~~~~~~~~^^
  File "C:\Users\Usuario\AppData\Local\Packages\PythonSoftwareFoundation.Python.3.13_qbz5n2kfra8p0\LocalCache\local-packages\Python313\site-packages\psycopg2\pool.py", line 63, in _connect
    conn = psycopg2.connect(*self._args, **self._kwargs)
  File "C:\Users\Usuario\AppData\Local\Packages\PythonSoftwareFoundation.Python.3.13_qbz5n2kfra8p0\LocalCache\local-packages\Python313\site-packages\psycopg2\__init__.py", line 135, in connect
    conn = _connect(dsn, connection_factory=connection_factory, **kwasync)
UnicodeDecodeError: 'utf-8' codec can't decode byte 0xab in position 96: invalid start byte
2026-03-01 08:04:51,098 [ERROR] SCAH: No se pudo obtener conexión para migraciones
2026-03-01 08:04:51,124 [ERROR] SCAH: Error al inicializar pool de conexiones: 'utf-8' codec can't decode byte 0xab in position 96: invalid start byte
Traceback (most recent call last):
  File "C:\Users\Usuario\OneDrive\Desktop\HOTELES\database\connection.py", line 27, in inicializar
    self._pool = psycopg2.pool.ThreadedConnectionPool(
                 ~~~~~~~~~~~~~~~~~~~~~~~~~~~~~~~~~~~~^
        minconn=1,
        ^^^^^^^^^^
    ...<5 lines>...
        password=DB_CONFIG["password"]
        ^^^^^^^^^^^^^^^^^^^^^^^^^^^^^^
    )
    ^
  File "C:\Users\Usuario\AppData\Local\Packages\PythonSoftwareFoundation.Python.3.13_qbz5n2kfra8p0\LocalCache\local-packages\Python313\site-packages\psycopg2\pool.py", line 161, in __init__
    AbstractConnectionPool.__init__(
    ~~~~~~~~~~~~~~~~~~~~~~~~~~~~~~~^
        self, minconn, maxconn, *args, **kwargs)
        ^^^^^^^^^^^^^^^^^^^^^^^^^^^^^^^^^^^^^^^^
  File "C:\Users\Usuario\AppData\Local\Packages\PythonSoftwareFoundation.Python.3.13_qbz5n2kfra8p0\LocalCache\local-packages\Python313\site-packages\psycopg2\pool.py", line 59, in __init__
    self._connect()
    ~~~~~~~~~~~~~^^
  File "C:\Users\Usuario\AppData\Local\Packages\PythonSoftwareFoundation.Python.3.13_qbz5n2kfra8p0\LocalCache\local-packages\Python313\site-packages\psycopg2\pool.py", line 63, in _connect
    conn = psycopg2.connect(*self._args, **self._kwargs)
  File "C:\Users\Usuario\AppData\Local\Packages\PythonSoftwareFoundation.Python.3.13_qbz5n2kfra8p0\LocalCache\local-packages\Python313\site-packages\psycopg2\__init__.py", line 135, in connect
    conn = _connect(dsn, connection_factory=connection_factory, **kwasync)
UnicodeDecodeError: 'utf-8' codec can't decode byte 0xab in position 96: invalid start byte
2026-03-01 08:04:51,125 [INFO] SCAH: Sistema inicializado correctamente
2026-03-01 08:07:47,134 [ERROR] SCAH: Error de encoding al conectar a PostgreSQL. Verifique que PostgreSQL esté en ejecución.
2026-03-01 08:09:04,398 [ERROR] SCAH: Error de encoding al conectar a PostgreSQL. Verifique que PostgreSQL esté en ejecución.
2026-03-01 08:09:05,544 [INFO] SCAH: Base de datos 'scah_db' creada exitosamente
2026-03-01 08:09:05,582 [INFO] SCAH: Pool de conexiones a PostgreSQL inicializado correctamente
2026-03-01 08:09:05,582 [INFO] SCAH: Iniciando migraciones de base de datos...
2026-03-01 08:09:05,665 [INFO] SCAH: Tabla verificada/creada correctamente
2026-03-01 08:09:05,675 [INFO] SCAH: Tabla verificada/creada correctamente
2026-03-01 08:09:05,682 [INFO] SCAH: Tabla verificada/creada correctamente
2026-03-01 08:09:05,690 [INFO] SCAH: Tabla verificada/creada correctamente
2026-03-01 08:09:05,696 [INFO] SCAH: Tabla verificada/creada correctamente
2026-03-01 08:09:05,723 [INFO] SCAH: Índices creados correctamente
2026-03-01 08:09:05,915 [INFO] SCAH: Usuario admin creado: admin
2026-03-01 08:09:05,916 [INFO] SCAH: Migraciones completadas exitosamente
2026-03-01 08:09:05,926 [INFO] SCAH: Sistema inicializado correctamente
2026-03-01 08:14:48,966 [INFO] SCAH: Pool de conexiones a PostgreSQL inicializado correctamente
2026-03-01 08:14:48,966 [INFO] SCAH: Iniciando migraciones de base de datos...
2026-03-01 08:14:48,980 [INFO] SCAH: Tabla verificada/creada correctamente
2026-03-01 08:14:48,981 [INFO] SCAH: Tabla verificada/creada correctamente
2026-03-01 08:14:48,981 [INFO] SCAH: Tabla verificada/creada correctamente
2026-03-01 08:14:48,981 [INFO] SCAH: Tabla verificada/creada correctamente
2026-03-01 08:14:48,981 [INFO] SCAH: Tabla verificada/creada correctamente
2026-03-01 08:14:48,982 [INFO] SCAH: Índices creados correctamente
2026-03-01 08:14:48,985 [INFO] SCAH: Usuario admin ya existe
2026-03-01 08:14:48,985 [INFO] SCAH: Migraciones completadas exitosamente
2026-03-01 08:14:49,004 [INFO] SCAH: Sistema inicializado correctamente
2026-03-01 08:15:07,782 [INFO] SCAH: Pool de conexiones a PostgreSQL inicializado correctamente
2026-03-01 08:15:07,784 [INFO] SCAH: Iniciando migraciones de base de datos...
2026-03-01 08:15:07,786 [INFO] SCAH: Tabla verificada/creada correctamente
2026-03-01 08:15:07,786 [INFO] SCAH: Tabla verificada/creada correctamente
2026-03-01 08:15:07,786 [INFO] SCAH: Tabla verificada/creada correctamente
2026-03-01 08:15:07,786 [INFO] SCAH: Tabla verificada/creada correctamente
2026-03-01 08:15:07,786 [INFO] SCAH: Tabla verificada/creada correctamente
2026-03-01 08:15:07,788 [INFO] SCAH: Índices creados correctamente
2026-03-01 08:15:07,790 [INFO] SCAH: Usuario admin ya existe
2026-03-01 08:15:07,790 [INFO] SCAH: Migraciones completadas exitosamente
2026-03-01 08:15:07,804 [INFO] SCAH: Sistema inicializado correctamente
2026-03-01 08:15:25,187 [INFO] SCAH: Pool de conexiones a PostgreSQL inicializado correctamente
2026-03-01 08:15:47,041 [INFO] SCAH: Pool de conexiones a PostgreSQL inicializado correctamente
2026-03-01 08:15:47,041 [INFO] SCAH: Iniciando migraciones de base de datos...
2026-03-01 08:15:47,042 [INFO] SCAH: Tabla verificada/creada correctamente
2026-03-01 08:15:47,042 [INFO] SCAH: Tabla verificada/creada correctamente
2026-03-01 08:15:47,042 [INFO] SCAH: Tabla verificada/creada correctamente
2026-03-01 08:15:47,043 [INFO] SCAH: Tabla verificada/creada correctamente
2026-03-01 08:15:47,043 [INFO] SCAH: Tabla verificada/creada correctamente
2026-03-01 08:15:47,044 [INFO] SCAH: Índices creados correctamente
2026-03-01 08:15:47,046 [INFO] SCAH: Usuario admin ya existe
2026-03-01 08:15:47,046 [INFO] SCAH: Migraciones completadas exitosamente
2026-03-01 08:15:47,052 [INFO] SCAH: Sistema inicializado correctamente
2026-03-01 08:17:05,147 [INFO] SCAH: Login exitoso: 'admin'
2026-03-01 08:17:05,147 [INFO] SCAH: Login exitoso: admin (admin)
2026-03-01 08:17:05,165 [INFO] SCAH: Usuario 'admin' inició sesión
2026-03-01 08:17:05,543 [ERROR] SCAH: Error al cargar módulo 'dashboard': 'primary_dark'
Traceback (most recent call last):
  File "C:\Users\Usuario\OneDrive\Desktop\HOTELES\ui\main_window.py", line 228, in _navegar
    modulo = DashboardModule(self.content_frame, self.usuario)
  File "C:\Users\Usuario\OneDrive\Desktop\HOTELES\modules\statistics.py", line 21, in __init__
    self._crear_ui()
    ~~~~~~~~~~~~~~^^
  File "C:\Users\Usuario\OneDrive\Desktop\HOTELES\modules\statistics.py", line 41, in _crear_ui
    fg_color=COLORS["primary"], hover_color=COLORS["primary_dark"],
                                            ~~~~~~^^^^^^^^^^^^^^^^
KeyError: 'primary_dark'
2026-03-01 08:17:36,378 [INFO] SCAH: Pool de conexiones a PostgreSQL inicializado correctamente
2026-03-01 08:17:36,378 [INFO] SCAH: Iniciando migraciones de base de datos...
2026-03-01 08:17:36,380 [INFO] SCAH: Tabla verificada/creada correctamente
2026-03-01 08:17:36,381 [INFO] SCAH: Tabla verificada/creada correctamente
2026-03-01 08:17:36,381 [INFO] SCAH: Tabla verificada/creada correctamente
2026-03-01 08:17:36,381 [INFO] SCAH: Tabla verificada/creada correctamente
2026-03-01 08:17:36,381 [INFO] SCAH: Tabla verificada/creada correctamente
2026-03-01 08:17:36,382 [INFO] SCAH: Índices creados correctamente
2026-03-01 08:17:36,384 [INFO] SCAH: Usuario admin ya existe
2026-03-01 08:17:36,384 [INFO] SCAH: Migraciones completadas exitosamente
2026-03-01 08:17:36,391 [INFO] SCAH: Sistema inicializado correctamente
2026-03-01 08:17:48,640 [INFO] SCAH: Login exitoso: 'admin'
2026-03-01 08:17:48,641 [INFO] SCAH: Login exitoso: admin (admin)
2026-03-01 08:17:48,660 [INFO] SCAH: Usuario 'admin' inició sesión
2026-03-01 08:17:49,048 [ERROR] SCAH: Error al cargar módulo 'dashboard': 'primary_dark'
Traceback (most recent call last):
  File "C:\Users\Usuario\OneDrive\Desktop\HOTELES\ui\main_window.py", line 228, in _navegar
    modulo = DashboardModule(self.content_frame, self.usuario)
  File "C:\Users\Usuario\OneDrive\Desktop\HOTELES\modules\statistics.py", line 21, in __init__
    self._crear_ui()
    ~~~~~~~~~~~~~~^^
  File "C:\Users\Usuario\OneDrive\Desktop\HOTELES\modules\statistics.py", line 41, in _crear_ui
    fg_color=COLORS["primary"], hover_color=COLORS["primary_dark"],
                                            ~~~~~~^^^^^^^^^^^^^^^^
KeyError: 'primary_dark'
2026-03-01 08:23:53,720 [INFO] SCAH: Pool de conexiones a PostgreSQL inicializado correctamente
2026-03-01 08:23:53,721 [INFO] SCAH: Iniciando migraciones de base de datos...
2026-03-01 08:23:53,726 [INFO] SCAH: Tabla verificada/creada correctamente
2026-03-01 08:23:53,726 [INFO] SCAH: Tabla verificada/creada correctamente
2026-03-01 08:23:53,727 [INFO] SCAH: Tabla verificada/creada correctamente
2026-03-01 08:23:53,727 [INFO] SCAH: Tabla verificada/creada correctamente
2026-03-01 08:23:53,727 [INFO] SCAH: Tabla verificada/creada correctamente
2026-03-01 08:23:53,729 [INFO] SCAH: Índices creados correctamente
2026-03-01 08:23:53,730 [INFO] SCAH: Usuario admin ya existe
2026-03-01 08:23:53,731 [INFO] SCAH: Migraciones completadas exitosamente
2026-03-01 08:23:53,737 [INFO] SCAH: Sistema inicializado correctamente
2026-03-01 08:24:49,131 [INFO] SCAH: Login exitoso: 'admin'
2026-03-01 08:24:49,131 [INFO] SCAH: Login exitoso: admin (admin)
2026-03-01 08:24:49,153 [INFO] SCAH: Usuario 'admin' inició sesión
2026-03-01 08:25:37,984 [INFO] SCAH: Pool de conexiones a PostgreSQL inicializado correctamente
2026-03-01 08:25:37,985 [INFO] SCAH: Iniciando migraciones de base de datos...
2026-03-01 08:25:37,986 [INFO] SCAH: Tabla verificada/creada correctamente
2026-03-01 08:25:37,986 [INFO] SCAH: Tabla verificada/creada correctamente
2026-03-01 08:25:37,986 [INFO] SCAH: Tabla verificada/creada correctamente
2026-03-01 08:25:37,986 [INFO] SCAH: Tabla verificada/creada correctamente
2026-03-01 08:25:37,987 [INFO] SCAH: Tabla verificada/creada correctamente
2026-03-01 08:25:37,989 [INFO] SCAH: Índices creados correctamente
2026-03-01 08:25:37,992 [INFO] SCAH: Usuario admin ya existe
2026-03-01 08:25:37,992 [INFO] SCAH: Migraciones completadas exitosamente
2026-03-01 08:25:37,998 [INFO] SCAH: Sistema inicializado correctamente
2026-03-01 08:25:55,016 [INFO] SCAH: Login exitoso: 'admin'
2026-03-01 08:25:55,016 [INFO] SCAH: Login exitoso: admin (admin)
2026-03-01 08:25:55,038 [INFO] SCAH: Usuario 'admin' inició sesión
2026-03-01 08:29:43,497 [INFO] SCAH: Pool de conexiones a PostgreSQL inicializado correctamente
2026-03-01 08:29:43,500 [INFO] SCAH: Iniciando migraciones de base de datos...
2026-03-01 08:29:43,509 [INFO] SCAH: Tabla verificada/creada correctamente
2026-03-01 08:29:43,509 [INFO] SCAH: Tabla verificada/creada correctamente
2026-03-01 08:29:43,509 [INFO] SCAH: Tabla verificada/creada correctamente
2026-03-01 08:29:43,509 [INFO] SCAH: Tabla verificada/creada correctamente
2026-03-01 08:29:43,509 [INFO] SCAH: Tabla verificada/creada correctamente
2026-03-01 08:29:43,510 [INFO] SCAH: Índices creados correctamente
2026-03-01 08:29:43,512 [INFO] SCAH: Usuario admin ya existe
2026-03-01 08:29:43,512 [INFO] SCAH: Migraciones completadas exitosamente
2026-03-01 08:29:43,820 [INFO] SCAH: Login exitoso: 'admin'
2026-03-01 08:29:44,817 [ERROR] SCAH: Error al cargar módulo 'dashboard': 'primary_dark'
Traceback (most recent call last):
  File "C:\Users\Usuario\OneDrive\Desktop\HOTELES\ui\main_window.py", line 228, in _navegar
    modulo = DashboardModule(self.content_frame, self.usuario)
  File "C:\Users\Usuario\OneDrive\Desktop\HOTELES\modules\statistics.py", line 21, in __init__
    self._crear_ui()
    ~~~~~~~~~~~~~~^^
  File "C:\Users\Usuario\OneDrive\Desktop\HOTELES\modules\statistics.py", line 41, in _crear_ui
    fg_color=COLORS["primary"], hover_color=COLORS["primary_dark"],
                                            ~~~~~~^^^^^^^^^^^^^^^^
KeyError: 'primary_dark'
2026-03-01 08:29:48,352 [ERROR] SCAH: Error al cargar módulo 'dashboard': 'primary_dark'
Traceback (most recent call last):
  File "C:\Users\Usuario\OneDrive\Desktop\HOTELES\ui\main_window.py", line 228, in _navegar
    modulo = DashboardModule(self.content_frame, self.usuario)
  File "C:\Users\Usuario\OneDrive\Desktop\HOTELES\modules\statistics.py", line 21, in __init__
    self._crear_ui()
    ~~~~~~~~~~~~~~^^
  File "C:\Users\Usuario\OneDrive\Desktop\HOTELES\modules\statistics.py", line 41, in _crear_ui
    fg_color=COLORS["primary"], hover_color=COLORS["primary_dark"],
                                            ~~~~~~^^^^^^^^^^^^^^^^
KeyError: 'primary_dark'
2026-03-01 08:30:48,768 [INFO] SCAH: Pool de conexiones a PostgreSQL inicializado correctamente
2026-03-01 08:30:48,768 [INFO] SCAH: Iniciando migraciones de base de datos...
2026-03-01 08:30:48,774 [INFO] SCAH: Tabla verificada/creada correctamente
2026-03-01 08:30:48,774 [INFO] SCAH: Tabla verificada/creada correctamente
2026-03-01 08:30:48,774 [INFO] SCAH: Tabla verificada/creada correctamente
2026-03-01 08:30:48,774 [INFO] SCAH: Tabla verificada/creada correctamente
2026-03-01 08:30:48,774 [INFO] SCAH: Tabla verificada/creada correctamente
2026-03-01 08:30:48,775 [INFO] SCAH: Índices creados correctamente
2026-03-01 08:30:48,777 [INFO] SCAH: Usuario admin ya existe
2026-03-01 08:30:48,777 [INFO] SCAH: Migraciones completadas exitosamente
2026-03-01 08:30:51,665 [INFO] SCAH: Login exitoso: 'admin'
2026-03-01 08:30:51,665 [INFO] SCAH: Login exitoso: admin (admin)
2026-03-01 08:30:51,965 [ERROR] SCAH: Error al cargar módulo 'dashboard': 'primary_dark'
Traceback (most recent call last):
  File "C:\Users\Usuario\OneDrive\Desktop\HOTELES\ui\main_window.py", line 228, in _navegar
    modulo = DashboardModule(self.content_frame, self.usuario)
  File "C:\Users\Usuario\OneDrive\Desktop\HOTELES\modules\statistics.py", line 21, in __init__
    self._crear_ui()
    ~~~~~~~~~~~~~~^^
  File "C:\Users\Usuario\OneDrive\Desktop\HOTELES\modules\statistics.py", line 41, in _crear_ui
    fg_color=COLORS["primary"], hover_color=COLORS["primary_dark"],
                                            ~~~~~~^^^^^^^^^^^^^^^^
KeyError: 'primary_dark'
2026-03-01 08:35:04,277 [INFO] SCAH: Pool de conexiones a PostgreSQL inicializado correctamente
2026-03-01 08:36:06,536 [INFO] SCAH: Pool de conexiones a PostgreSQL inicializado correctamente
2026-03-01 08:36:06,536 [INFO] SCAH: Iniciando migraciones de base de datos...
2026-03-01 08:36:06,547 [INFO] SCAH: Tabla verificada/creada correctamente
2026-03-01 08:36:06,548 [INFO] SCAH: Tabla verificada/creada correctamente
2026-03-01 08:36:06,548 [INFO] SCAH: Tabla verificada/creada correctamente
2026-03-01 08:36:06,548 [INFO] SCAH: Tabla verificada/creada correctamente
2026-03-01 08:36:06,548 [INFO] SCAH: Tabla verificada/creada correctamente
2026-03-01 08:36:06,549 [INFO] SCAH: Índices creados correctamente
2026-03-01 08:36:06,551 [INFO] SCAH: Usuario admin ya existe
2026-03-01 08:36:06,551 [INFO] SCAH: Migraciones completadas exitosamente
2026-03-01 08:36:06,557 [INFO] SCAH: Sistema inicializado correctamente
2026-03-01 08:36:42,645 [INFO] SCAH: Login exitoso: 'admin'
2026-03-01 08:36:42,645 [INFO] SCAH: Login exitoso: admin (admin)
2026-03-01 08:36:42,666 [INFO] SCAH: Usuario 'admin' inició sesión
2026-03-01 08:39:27,512 [INFO] SCAH: Pool de conexiones a PostgreSQL inicializado correctamente
2026-03-01 08:39:27,512 [INFO] SCAH: Iniciando migraciones de base de datos...
2026-03-01 08:39:27,513 [INFO] SCAH: Tabla verificada/creada correctamente
2026-03-01 08:39:27,514 [INFO] SCAH: Tabla verificada/creada correctamente
2026-03-01 08:39:27,514 [INFO] SCAH: Tabla verificada/creada correctamente
2026-03-01 08:39:27,514 [INFO] SCAH: Tabla verificada/creada correctamente
2026-03-01 08:39:27,514 [INFO] SCAH: Tabla verificada/creada correctamente
2026-03-01 08:39:27,515 [INFO] SCAH: Índices creados correctamente
2026-03-01 08:39:27,516 [INFO] SCAH: Usuario admin ya existe
2026-03-01 08:39:27,517 [INFO] SCAH: Migraciones completadas exitosamente
2026-03-01 08:39:29,651 [INFO] SCAH: Login exitoso: 'admin'
2026-03-01 08:39:29,651 [INFO] SCAH: Login exitoso: admin (admin)
2026-03-01 08:43:20,019 [INFO] SCAH: Pool de conexiones a PostgreSQL inicializado correctamente
2026-03-01 08:43:20,019 [INFO] SCAH: Iniciando migraciones de base de datos...
2026-03-01 08:43:20,020 [INFO] SCAH: Tabla verificada/creada correctamente
2026-03-01 08:43:20,021 [INFO] SCAH: Tabla verificada/creada correctamente
2026-03-01 08:43:20,021 [INFO] SCAH: Tabla verificada/creada correctamente
2026-03-01 08:43:20,021 [INFO] SCAH: Tabla verificada/creada correctamente
2026-03-01 08:43:20,021 [INFO] SCAH: Tabla verificada/creada correctamente
2026-03-01 08:43:20,022 [INFO] SCAH: Índices creados correctamente
2026-03-01 08:43:20,024 [INFO] SCAH: Usuario admin ya existe
2026-03-01 08:43:20,024 [INFO] SCAH: Migraciones completadas exitosamente
2026-03-01 08:43:20,031 [INFO] SCAH: Sistema inicializado correctamente
2026-03-01 08:44:00,772 [INFO] SCAH: Login exitoso: 'admin'
2026-03-01 08:44:00,773 [INFO] SCAH: Login exitoso: admin (admin)
2026-03-01 08:44:00,773 [INFO] SCAH: Usuario 'admin' inicio sesion
2026-03-01 08:44:28,841 [ERROR] SCAH: Error en 'JUN 25 (1).xls': openpyxl does not support the old .xls file format, please use xlrd to read this file, or convert it to the more recent .xlsx file format.: openpyxl does not support the old .xls file format, please use xlrd to read this file, or convert it to the more recent .xlsx file format.
Traceback (most recent call last):
  File "C:\Users\Usuario\OneDrive\Desktop\HOTELES\modules\import_excel.py", line 262, in _procesar_archivos
    wb = load_workbook(archivo, read_only=True, data_only=True)
  File "C:\Users\Usuario\AppData\Local\Packages\PythonSoftwareFoundation.Python.3.13_qbz5n2kfra8p0\LocalCache\local-packages\Python313\site-packages\openpyxl\reader\excel.py", line 346, in load_workbook
    reader = ExcelReader(filename, read_only, keep_vba,
                         data_only, keep_links, rich_text)
  File "C:\Users\Usuario\AppData\Local\Packages\PythonSoftwareFoundation.Python.3.13_qbz5n2kfra8p0\LocalCache\local-packages\Python313\site-packages\openpyxl\reader\excel.py", line 123, in __init__
    self.archive = _validate_archive(fn)
                   ~~~~~~~~~~~~~~~~~^^^^
  File "C:\Users\Usuario\AppData\Local\Packages\PythonSoftwareFoundation.Python.3.13_qbz5n2kfra8p0\LocalCache\local-packages\Python313\site-packages\openpyxl\reader\excel.py", line 93, in _validate_archive
    raise InvalidFileException(msg)
openpyxl.utils.exceptions.InvalidFileException: openpyxl does not support the old .xls file format, please use xlrd to read this file, or convert it to the more recent .xlsx file format.
2026-03-01 08:45:09,981 [ERROR] SCAH: Error en 'JUN 25 (1).xls': openpyxl does not support the old .xls file format, please use xlrd to read this file, or convert it to the more recent .xlsx file format.: openpyxl does not support the old .xls file format, please use xlrd to read this file, or convert it to the more recent .xlsx file format.
Traceback (most recent call last):
  File "C:\Users\Usuario\OneDrive\Desktop\HOTELES\modules\import_excel.py", line 262, in _procesar_archivos
    wb = load_workbook(archivo, read_only=True, data_only=True)
  File "C:\Users\Usuario\AppData\Local\Packages\PythonSoftwareFoundation.Python.3.13_qbz5n2kfra8p0\LocalCache\local-packages\Python313\site-packages\openpyxl\reader\excel.py", line 346, in load_workbook
    reader = ExcelReader(filename, read_only, keep_vba,
                         data_only, keep_links, rich_text)
  File "C:\Users\Usuario\AppData\Local\Packages\PythonSoftwareFoundation.Python.3.13_qbz5n2kfra8p0\LocalCache\local-packages\Python313\site-packages\openpyxl\reader\excel.py", line 123, in __init__
    self.archive = _validate_archive(fn)
                   ~~~~~~~~~~~~~~~~~^^^^
  File "C:\Users\Usuario\AppData\Local\Packages\PythonSoftwareFoundation.Python.3.13_qbz5n2kfra8p0\LocalCache\local-packages\Python313\site-packages\openpyxl\reader\excel.py", line 93, in _validate_archive
    raise InvalidFileException(msg)
openpyxl.utils.exceptions.InvalidFileException: openpyxl does not support the old .xls file format, please use xlrd to read this file, or convert it to the more recent .xlsx file format.
2026-03-01 08:50:08,758 [INFO] SCAH: Sesión cerrada: admin
2026-03-01 08:50:10,290 [INFO] SCAH: Aplicacion cerrada
2026-03-01 08:50:29,103 [INFO] SCAH: Pool de conexiones a PostgreSQL inicializado correctamente
2026-03-01 08:50:29,104 [INFO] SCAH: Iniciando migraciones de base de datos...
2026-03-01 08:50:29,109 [INFO] SCAH: Tabla verificada/creada correctamente
2026-03-01 08:50:29,110 [INFO] SCAH: Tabla verificada/creada correctamente
2026-03-01 08:50:29,110 [INFO] SCAH: Tabla verificada/creada correctamente
2026-03-01 08:50:29,110 [INFO] SCAH: Tabla verificada/creada correctamente
2026-03-01 08:50:29,110 [INFO] SCAH: Tabla verificada/creada correctamente
2026-03-01 08:50:29,111 [INFO] SCAH: Índices creados correctamente
2026-03-01 08:50:29,113 [INFO] SCAH: Usuario admin ya existe
2026-03-01 08:50:29,113 [INFO] SCAH: Migraciones completadas exitosamente
2026-03-01 08:50:29,119 [INFO] SCAH: Sistema inicializado correctamente
2026-03-01 08:50:36,278 [INFO] SCAH: Login exitoso: 'admin'
2026-03-01 08:50:36,278 [INFO] SCAH: Login exitoso: admin (admin)
2026-03-01 08:50:36,278 [INFO] SCAH: Usuario 'admin' inicio sesion
2026-03-02 07:23:02,637 [INFO] SCAH: Pool de conexiones a PostgreSQL inicializado correctamente
2026-03-02 07:23:02,639 [INFO] SCAH: Iniciando migraciones de base de datos...
2026-03-02 07:23:02,676 [INFO] SCAH: Tabla verificada/creada correctamente
2026-03-02 07:23:02,676 [INFO] SCAH: Tabla verificada/creada correctamente
2026-03-02 07:23:02,676 [INFO] SCAH: Tabla verificada/creada correctamente
2026-03-02 07:23:02,676 [INFO] SCAH: Tabla verificada/creada correctamente
2026-03-02 07:23:02,677 [INFO] SCAH: Tabla verificada/creada correctamente
2026-03-02 07:23:02,696 [INFO] SCAH: Índices creados correctamente
2026-03-02 07:23:02,739 [INFO] SCAH: Usuario admin ya existe
2026-03-02 07:23:02,739 [INFO] SCAH: Migraciones completadas exitosamente
2026-03-02 07:23:02,782 [INFO] SCAH: Sistema inicializado correctamente
2026-03-02 07:23:14,497 [INFO] SCAH: Login exitoso: 'admin'
2026-03-02 07:23:14,497 [INFO] SCAH: Login exitoso: admin (admin)
2026-03-02 07:23:14,497 [INFO] SCAH: Usuario 'admin' inicio sesion
2026-03-02 07:23:27,680 [ERROR] SCAH: Error en 'JUN 25 (1).xls': Se necesita la librería 'xlrd' para leer archivos .xls.
Instálala con: pip install xlrd: Se necesita la librería 'xlrd' para leer archivos .xls.
Instálala con: pip install xlrd
Traceback (most recent call last):
  File "C:\Users\Usuario\OneDrive\Desktop\HOTELES\modules\import_excel.py", line 345, in _procesar_archivos
    wb = _abrir_workbook(archivo)
  File "C:\Users\Usuario\OneDrive\Desktop\HOTELES\modules\import_excel.py", line 87, in _abrir_workbook
    raise ImportError(
    ...<2 lines>...
    )
ImportError: Se necesita la librería 'xlrd' para leer archivos .xls.
Instálala con: pip install xlrd
2026-03-02 07:24:14,138 [INFO] SCAH: Pool de conexiones a PostgreSQL inicializado correctamente
2026-03-02 07:24:14,138 [INFO] SCAH: Iniciando migraciones de base de datos...
2026-03-02 07:24:14,139 [INFO] SCAH: Tabla verificada/creada correctamente
2026-03-02 07:24:14,139 [INFO] SCAH: Tabla verificada/creada correctamente
2026-03-02 07:24:14,139 [INFO] SCAH: Tabla verificada/creada correctamente
2026-03-02 07:24:14,140 [INFO] SCAH: Tabla verificada/creada correctamente
2026-03-02 07:24:14,140 [INFO] SCAH: Tabla verificada/creada correctamente
2026-03-02 07:24:14,141 [INFO] SCAH: Índices creados correctamente
2026-03-02 07:24:14,142 [INFO] SCAH: Usuario admin ya existe
2026-03-02 07:24:14,142 [INFO] SCAH: Migraciones completadas exitosamente
2026-03-02 07:24:14,147 [INFO] SCAH: Sistema inicializado correctamente
2026-03-02 07:24:24,056 [INFO] SCAH: Login exitoso: 'admin'
2026-03-02 07:24:24,056 [INFO] SCAH: Login exitoso: admin (admin)
2026-03-02 07:24:24,056 [INFO] SCAH: Usuario 'admin' inicio sesion
2026-03-02 07:24:29,727 [ERROR] SCAH: Error en 'JUN 25 (1).xls': Se necesita la librería 'xlrd' para leer archivos .xls.
Instálala con: pip install xlrd: Se necesita la librería 'xlrd' para leer archivos .xls.
Instálala con: pip install xlrd
Traceback (most recent call last):
  File "C:\Users\Usuario\OneDrive\Desktop\HOTELES\modules\import_excel.py", line 345, in _procesar_archivos
    wb = _abrir_workbook(archivo)
  File "C:\Users\Usuario\OneDrive\Desktop\HOTELES\modules\import_excel.py", line 87, in _abrir_workbook
    raise ImportError(
    ...<2 lines>...
    )
ImportError: Se necesita la librería 'xlrd' para leer archivos .xls.
Instálala con: pip install xlrd
2026-03-02 07:25:32,135 [INFO] SCAH: Pool de conexiones a PostgreSQL inicializado correctamente
2026-03-02 07:25:32,135 [INFO] SCAH: Iniciando migraciones de base de datos...
2026-03-02 07:25:32,136 [INFO] SCAH: Tabla verificada/creada correctamente
2026-03-02 07:25:32,137 [INFO] SCAH: Tabla verificada/creada correctamente
2026-03-02 07:25:32,137 [INFO] SCAH: Tabla verificada/creada correctamente
2026-03-02 07:25:32,137 [INFO] SCAH: Tabla verificada/creada correctamente
2026-03-02 07:25:32,137 [INFO] SCAH: Tabla verificada/creada correctamente
2026-03-02 07:25:32,138 [INFO] SCAH: Índices creados correctamente
2026-03-02 07:25:32,139 [INFO] SCAH: Usuario admin ya existe
2026-03-02 07:25:32,139 [INFO] SCAH: Migraciones completadas exitosamente
2026-03-02 07:25:32,145 [INFO] SCAH: Sistema inicializado correctamente
2026-03-02 07:25:38,788 [INFO] SCAH: Login exitoso: 'admin'
2026-03-02 07:25:38,788 [INFO] SCAH: Login exitoso: admin (admin)
2026-03-02 07:25:38,788 [INFO] SCAH: Usuario 'admin' inicio sesion
2026-03-02 07:25:43,543 [ERROR] SCAH: Error en 'JUN 25 (1).xls': Se necesita la librería 'xlrd' para leer archivos .xls.
Instálala con: pip install xlrd: Se necesita la librería 'xlrd' para leer archivos .xls.
Instálala con: pip install xlrd
Traceback (most recent call last):
  File "C:\Users\Usuario\OneDrive\Desktop\HOTELES\modules\import_excel.py", line 345, in _procesar_archivos
    wb = _abrir_workbook(archivo)
  File "C:\Users\Usuario\OneDrive\Desktop\HOTELES\modules\import_excel.py", line 87, in _abrir_workbook
    raise ImportError(
    ...<2 lines>...
    )
ImportError: Se necesita la librería 'xlrd' para leer archivos .xls.
Instálala con: pip install xlrd
2026-03-02 07:25:50,360 [ERROR] SCAH: Error en 'JUN 25.xls': Se necesita la librería 'xlrd' para leer archivos .xls.
Instálala con: pip install xlrd: Se necesita la librería 'xlrd' para leer archivos .xls.
Instálala con: pip install xlrd
Traceback (most recent call last):
  File "C:\Users\Usuario\OneDrive\Desktop\HOTELES\modules\import_excel.py", line 345, in _procesar_archivos
    wb = _abrir_workbook(archivo)
  File "C:\Users\Usuario\OneDrive\Desktop\HOTELES\modules\import_excel.py", line 87, in _abrir_workbook
    raise ImportError(
    ...<2 lines>...
    )
ImportError: Se necesita la librería 'xlrd' para leer archivos .xls.
Instálala con: pip install xlrd
2026-03-02 07:31:58,451 [INFO] SCAH: Pool de conexiones a PostgreSQL inicializado correctamente
2026-03-02 07:31:58,452 [INFO] SCAH: Iniciando migraciones de base de datos...
2026-03-02 07:31:58,453 [INFO] SCAH: Tabla verificada/creada correctamente
2026-03-02 07:31:58,453 [INFO] SCAH: Tabla verificada/creada correctamente
2026-03-02 07:31:58,453 [INFO] SCAH: Tabla verificada/creada correctamente
2026-03-02 07:31:58,453 [INFO] SCAH: Tabla verificada/creada correctamente
2026-03-02 07:31:58,453 [INFO] SCAH: Tabla verificada/creada correctamente
2026-03-02 07:31:58,454 [INFO] SCAH: Índices creados correctamente
2026-03-02 07:31:58,456 [INFO] SCAH: Usuario admin ya existe
2026-03-02 07:31:58,456 [INFO] SCAH: Migraciones completadas exitosamente
2026-03-02 07:31:58,461 [INFO] SCAH: Sistema inicializado correctamente
2026-03-02 07:32:04,577 [INFO] SCAH: Login exitoso: 'admin'
2026-03-02 07:32:04,577 [INFO] SCAH: Login exitoso: admin (admin)
2026-03-02 07:32:04,577 [INFO] SCAH: Usuario 'admin' inicio sesion
2026-03-02 07:34:43,873 [INFO] SCAH: Sesión cerrada: admin
2026-03-02 07:34:45,486 [INFO] SCAH: Aplicacion cerrada
